[11:41:11.545] Resident helper session starting with idleVramPolicy=free
[11:41:11.546] Opening video. Decoder preference: FFmpeg -> Windows Media Foundation
[11:41:11.546] FFmpeg executable detected.
[11:41:11.581] ffprobe: 1920x1080 DAR=1.77778 @ 30 fps, duration=113, matrix=unspecified range=unspecified primaries=unspecified transfer=unspecified
[11:41:11.586] FFmpeg raw BGRA process started with CUDA decode + GPU scale.
[11:41:11.586] Video decoder selected: FFmpeg
[11:41:11.589] FFmpeg raw BGRA process started with CUDA decode + GPU scale.
[11:41:11.845] Seek timing: target=2.633s mode=restart teardownMs=0.015 spawnMs=2.841 firstByteMs=255.046 firstFrameMs=258.390 callMs=3.058 forwardFrames=79 drainedFrames=0
[11:41:11.953] D3D12 device adapter "NVIDIA GeForce RTX 4080 SUPER" luid=0x1463e vendor=0x10de vram=16047MiB is the high-performance adapter "NVIDIA GeForce RTX 4080 SUPER" luid=0x1463e that the cache identity, the receipt GPU label and the pace prior describe
[11:41:12.216] [NGX feature 32764] [2026-09-15 11:41:12] [NGXLoadLibrary:326] error: failed to load NGXCore: 126 (C:\Users\User\Documents\GitHub\dlss5-video-player\build-upscaling\Release\neural-runtime\_nvngx.dll)  <- routine: the NGX core ships with the driver, not beside this executable; the driver-store load is logged separately
[11:41:12.217] [NGX feature 32764] [2026-09-15 11:41:12] [NGXLoadLibrary:326] error: failed to load NGXCore: -2146885623 (C:\Users\User\Documents\GitHub\dlss5-video-player\build-upscaling\Release\neural-runtime\nvngx.dll)  <- routine: the NGX core ships with the driver, not beside this executable; the driver-store load is logged separately
[11:41:12.234] [NGX feature 32764] [2026-09-15 11:41:12] [NGXLoadCoreLibrary:279] Loading C:\WINDOWS\System32\DriverStore\FileRepository\nv_dispsi.inf_amd64_7cc7738d8e428783\_nvngx.dll succeeded
[11:41:12.417] [NGX feature 32765] [2026-09-15 11:41:12] [`anonymous-namespace'::SnippetLocationInfo::load:713] NGXLoadFromPath failed: -1160773628
[11:41:12.462] [NGX feature 32765] [2026-09-15 11:41:12] [`anonymous-namespace'::SnippetLocationInfo::load:713] NGXLoadFromPath failed: -1160773628
[11:41:12.462] [NGX feature 32765] [2026-09-15 11:41:12] [NGXSecureLoadFeature:1345] Feature dlss failed to load (cmsid 141959980) from cache (location: C:\ProgramData\NVIDIA\NGX\models\dlss\versions\0\files, name: 160_876232C.bin)
[11:41:12.466] [NGX feature 32765] [2026-09-15 11:41:12] [`anonymous-namespace'::SnippetLocationInfo::load:713] NGXLoadFromPath failed: -1160773628
[11:41:12.468] [NGX feature 32765] [2026-09-15 11:41:12] [NGXSecureLoadFeature:1345] Feature dlss failed to load (cmsid 241534723) from cache (location: C:\ProgramData\NVIDIA\NGX\models\dlss\versions\0\files, name: 160_E658703.bin)
[11:41:12.587] [NGX feature 32765] [2026-09-15 11:41:12] [`anonymous-namespace'::SnippetLocationInfo::load:713] NGXLoadFromPath failed: -1160773628
[11:41:12.587] [NGX feature 32765] [2026-09-15 11:41:12] [`anonymous-namespace'::SnippetLocationInfo::load:713] NGXLoadFromPath failed: -1160773628
[11:41:12.587] [NGX feature 32765] [2026-09-15 11:41:12] [`anonymous-namespace'::SnippetLocationInfo::load:713] NGXLoadFromPath failed: -1160773628
[11:41:12.587] [NGX feature 32765] [2026-09-15 11:41:12] [`anonymous-namespace'::SnippetLocationInfo::load:713] NGXLoadFromPath failed: -1160773628
[11:41:12.587] [NGX feature 32765] [2026-09-15 11:41:12] [`anonymous-namespace'::SnippetLocationInfo::load:713] NGXLoadFromPath failed: -1160773628
[11:41:12.587] [NGX feature 32765] [2026-09-15 11:41:12] [`anonymous-namespace'::SnippetLocationInfo::load:713] NGXLoadFromPath failed: -1160773628
[11:41:12.587] [NGX feature 32765] [2026-09-15 11:41:12] [`anonymous-namespace'::SnippetLocationInfo::load:713] NGXLoadFromPath failed: -1160773628
[11:41:12.587] [NGX feature 32765] [2026-09-15 11:41:12] [`anonymous-namespace'::SnippetLocationInfo::load:713] NGXLoadFromPath failed: -1160773628
[11:41:12.587] [NGX feature 32765] [2026-09-15 11:41:12] [`anonymous-namespace'::SnippetLocationInfo::load:713] NGXLoadFromPath failed: -1160773628
[11:41:12.587] [NGX feature 32765] [2026-09-15 11:41:12] [`anonymous-namespace'::SnippetLocationInfo::load:713] NGXLoadFromPath failed: -1160773628
[11:41:12.588] [NGX feature 32765] [2026-09-15 11:41:12] [`anonymous-namespace'::SnippetLocationInfo::load:713] NGXLoadFromPath failed: -1160773628
[11:41:12.588] [NGX feature 32765] [2026-09-15 11:41:12] [`anonymous-namespace'::SnippetLocationInfo::load:713] NGXLoadFromPath failed: -1160773628
[11:41:12.588] [NGX feature 32765] [2026-09-15 11:41:12] [`anonymous-namespace'::SnippetLocationInfo::load:713] NGXLoadFromPath failed: -1160773628
[11:41:12.588] [NGX feature 32765] [2026-09-15 11:41:12] [`anonymous-namespace'::SnippetLocationInfo::load:713] NGXLoadFromPath failed: -1160773628
[11:41:12.588] [NGX feature 32765] [2026-09-15 11:41:12] [`anonymous-namespace'::SnippetLocationInfo::load:713] NGXLoadFromPath failed: -1160773628
[11:41:12.588] [NGX feature 32765] [2026-09-15 11:41:12] [`anonymous-namespace'::SnippetLocationInfo::load:713] NGXLoadFromPath failed: -1160773628
[11:41:12.588] [NGX feature 32765] [2026-09-15 11:41:12] [`anonymous-namespace'::SnippetLocationInfo::load:713] NGXLoadFromPath failed: -1160773628
[11:41:12.810] NGX capability: SuperSampling.Available=1
[11:41:12.810] NGX input policy: source=1920x1080 optimal=1920x1080 range=1901x1069..1920x1080 selected=1920x1080 output=1920x1080
[11:41:12.811] NGX initialized. Deferred raw CreateFeature armed: input=1920x1080 output=1920x1080
[11:41:12.865] NVOFA ready: 1920x1080 on a 2x2 grid (960x540 vectors, S10.5 = 1/32 px), perf=FAST, cost=on, direction=both, backward field bound for the round-trip gate, global flow=on.
[11:41:12.865] Motion guide backend: NVOFA hardware flow on the decoded 1920x1080 frame, vectors scaled by 1,1 into the 1920x1080 DLSS input.
[11:41:12.877] DLSS resource contract ready: Color=R16G16B16A16_FLOAT 1920x1080, MV=R16G16_FLOAT 1920x1080, Depth=R32_TYPELESS resource / D32_FLOAT DSV / R32_FLOAT SRV 1920x1080, Output=R16G16B16A16_FLOAT UAV 1920x1080, CompactGrid=R32G32B32A32_FLOAT 160x90 -> GPU MV expansion + direct SV_Depth write, Reference=B8G8R8A8_UNORM 1920x1080, Source=BGRA upload, NeuralTimestamps=12 @1000000000Hz
[11:41:12.877] V11 guide contract: compact CPU optical-flow grid expanded on GPU into full R16G16_FLOAT MVs; depth is written directly into the same R32_TYPELESS/D32_FLOAT resource passed to NGX; temporal reset only on discontinuities.
[11:41:12.879] Temporal history reset: reason=first-frame frame#79 pts=26333333 history=1 job=2
[11:41:12.928] RAW NGX D3D12 CreateFeature SUCCESS: feature=SuperSampling input=1920x1080 output=1920x1080 flags=MVLowRes|AutoExposure; direct hook-visible contract
[11:41:12.928] Temporal history reset: reason=feature-recreate frame#80 pts=26666666 history=1 job=2
[11:41:12.929] NGX feature creation flushed before EvaluateFeature; temporal history reset.
[11:41:13.121] [NGX feature 32765] [2026-09-15 11:41:13] [NVSDK_NGX_CreateFeature_Validate:710] error: required feature is not supported by NGX runtime, please update display driver
[11:41:13.298] RAW NGX EvaluateFeature_C SUCCESS #1 color=1920x1080 depth=1920x1080 mv=1920x1080 output=1920x1080 jitter=(0,0) reset=1
[11:41:13.548] Decoder frame queue: frames=6 wallMs=1958.5 perFrameMs: pipeRead=3.100 blockedWait=42.152 emptyPoll=0.000 emptySleep=0.000 queueFullWait=281.158 other=0.002 reads=266 polls=0 queueFullWaits=3 zeroFills=5
[11:41:13.588] Opening video. Decoder preference: FFmpeg -> Windows Media Foundation
[11:41:13.588] FFmpeg executable detected.
[11:41:13.627] ffprobe: 1920x1080 DAR=1.77778 @ 30 fps, duration=113, matrix=unspecified range=unspecified primaries=unspecified transfer=unspecified
[11:41:13.628] FFmpeg raw BGRA process started with CUDA decode + GPU scale.
[11:41:13.628] Video decoder selected: FFmpeg
[11:41:13.632] FFmpeg raw BGRA process started with CUDA decode + GPU scale.
[11:41:13.823] Seek timing: target=0.633s mode=restart teardownMs=0.016 spawnMs=2.850 firstByteMs=191.256 firstFrameMs=194.569 callMs=3.241 forwardFrames=19 drainedFrames=0
[11:41:13.825] Temporal history reset: reason=first-frame frame#19 pts=6333333 history=2 job=2
[11:41:13.957] Temporal history reset: reason=cut frame#35 pts=11666666 history=3 job=2
[11:41:14.207] Temporal history reset: reason=cut frame#62 pts=20666666 history=4 job=2
[11:41:14.668] Temporal history reset: reason=cut frame#85 pts=28333333 history=5 job=2
[11:41:14.900] Temporal history reset: reason=cut frame#102 pts=33999999 history=6 job=2
[11:41:16.698] Temporal history reset: reason=cut frame#270 pts=89999999 history=7 job=2
[11:41:17.209] RAW NGX EvaluateFeature_C SUCCESS #300 color=1920x1080 depth=1920x1080 mv=1920x1080 output=1920x1080 jitter=(0,0) reset=0
[11:41:18.521] Temporal history reset: reason=cut frame#438 pts=145999999 history=8 job=2
[11:41:18.870] Temporal history reset: reason=cut frame#470 pts=156666666 history=9 job=2
[11:41:19.279] Temporal history reset: reason=cut frame#506 pts=168666666 history=10 job=2
[11:41:20.125] Temporal history reset: reason=cut frame#582 pts=193999999 history=11 job=2
[11:41:20.518] RAW NGX EvaluateFeature_C SUCCESS #600 color=1920x1080 depth=1920x1080 mv=1920x1080 output=1920x1080 jitter=(0,0) reset=0
[11:41:21.354] Temporal history reset: reason=cut frame#693 pts=230999999 history=12 job=2
[11:41:21.569] Temporal history reset: reason=cut frame#713 pts=237666666 history=13 job=2
[11:41:21.862] Temporal history reset: reason=cut frame#740 pts=246666666 history=14 job=2
[11:41:22.114] Temporal history reset: reason=cut frame#763 pts=254333333 history=15 job=2
[11:41:22.300] Temporal history reset: reason=cut frame#780 pts=259999999 history=16 job=2
[11:41:23.760] RAW NGX EvaluateFeature_C SUCCESS #900 color=1920x1080 depth=1920x1080 mv=1920x1080 output=1920x1080 jitter=(0,0) reset=0
[11:41:24.115] Temporal history reset: reason=cut frame#948 pts=315999999 history=17 job=2
[11:41:25.907] Temporal history reset: reason=cut frame#1116 pts=371999999 history=18 job=2
[11:41:26.270] Temporal history reset: reason=cut frame#1148 pts=382666666 history=19 job=2
[11:41:26.647] Temporal history reset: reason=cut frame#1184 pts=394666666 history=20 job=2
[11:41:27.008] RAW NGX EvaluateFeature_C SUCCESS #1200 color=1920x1080 depth=1920x1080 mv=1920x1080 output=1920x1080 jitter=(0,0) reset=0
[11:41:27.469] Temporal history reset: reason=cut frame#1260 pts=419999999 history=21 job=2
[11:41:28.657] Temporal history reset: reason=cut frame#1371 pts=456999999 history=22 job=2
[11:41:28.876] Temporal history reset: reason=cut frame#1391 pts=463666666 history=23 job=2
[11:41:29.157] Temporal history reset: reason=cut frame#1418 pts=472666666 history=24 job=2
[11:41:29.408] Temporal history reset: reason=cut frame#1441 pts=480333333 history=25 job=2
[11:41:29.584] Temporal history reset: reason=cut frame#1458 pts=485999999 history=26 job=2
[11:41:30.232] RAW NGX EvaluateFeature_C SUCCESS #1500 color=1920x1080 depth=1920x1080 mv=1920x1080 output=1920x1080 jitter=(0,0) reset=0
[11:41:31.397] Temporal history reset: reason=cut frame#1626 pts=541999999 history=27 job=2
[11:41:33.207] Temporal history reset: reason=cut frame#1794 pts=597999999 history=28 job=2
[11:41:33.457] RAW NGX EvaluateFeature_C SUCCESS #1800 color=1920x1080 depth=1920x1080 mv=1920x1080 output=1920x1080 jitter=(0,0) reset=0
[11:41:33.552] Temporal history reset: reason=cut frame#1826 pts=608666666 history=29 job=2
[11:41:33.964] Temporal history reset: reason=cut frame#1862 pts=620666666 history=30 job=2
[11:41:34.796] Temporal history reset: reason=cut frame#1938 pts=645999999 history=31 job=2
[11:41:36.074] Temporal history reset: reason=cut frame#2049 pts=682999999 history=32 job=2
[11:41:36.299] Temporal history reset: reason=cut frame#2069 pts=689666666 history=33 job=2
[11:41:36.608] Temporal history reset: reason=cut frame#2096 pts=698666666 history=34 job=2
[11:41:36.850] RAW NGX EvaluateFeature_C SUCCESS #2100 color=1920x1080 depth=1920x1080 mv=1920x1080 output=1920x1080 jitter=(0,0) reset=0
[11:41:36.869] Temporal history reset: reason=cut frame#2119 pts=706333333 history=35 job=2
[11:41:37.057] Temporal history reset: reason=cut frame#2136 pts=711999999 history=36 job=2
[11:41:38.967] Temporal history reset: reason=cut frame#2304 pts=767999999 history=37 job=2
[11:41:40.255] RAW NGX EvaluateFeature_C SUCCESS #2400 color=1920x1080 depth=1920x1080 mv=1920x1080 output=1920x1080 jitter=(0,0) reset=0
[11:41:40.868] Temporal history reset: reason=cut frame#2472 pts=823999999 history=38 job=2
[11:41:41.220] Temporal history reset: reason=cut frame#2504 pts=834666666 history=39 job=2
[11:41:41.640] Temporal history reset: reason=cut frame#2540 pts=846666666 history=40 job=2
[11:41:42.487] Temporal history reset: reason=cut frame#2616 pts=871999999 history=41 job=2
[11:41:43.641] RAW NGX EvaluateFeature_C SUCCESS #2700 color=1920x1080 depth=1920x1080 mv=1920x1080 output=1920x1080 jitter=(0,0) reset=0
[11:41:43.750] Temporal history reset: reason=cut frame#2727 pts=908999999 history=42 job=2
[11:41:43.992] Temporal history reset: reason=cut frame#2747 pts=915666666 history=43 job=2
[11:41:44.295] Temporal history reset: reason=cut frame#2774 pts=924666666 history=44 job=2
[11:41:44.550] Temporal history reset: reason=cut frame#2797 pts=932333333 history=45 job=2
[11:41:44.746] Temporal history reset: reason=cut frame#2814 pts=937999999 history=46 job=2
[11:41:46.689] Temporal history reset: reason=cut frame#2982 pts=993999999 history=47 job=2
[11:41:47.090] RAW NGX EvaluateFeature_C SUCCESS #3000 color=1920x1080 depth=1920x1080 mv=1920x1080 output=1920x1080 jitter=(0,0) reset=0
[11:41:48.619] Temporal history reset: reason=cut frame#3150 pts=1049999999 history=48 job=2
[11:41:48.991] Temporal history reset: reason=cut frame#3182 pts=1060666666 history=49 job=2
[11:41:49.375] Neural export stage cost per frame (hevc_nvenc, 3130 frames): total 11.29 ms = source 0.08 + submit 6.28 + resolve wait 4.93 + encoder back pressure 0.01 ms, measured loop 11.15 ms. Of that: guides 2.04 ms, GPU waits render-slot 0.00 + capture-submit 0.00 + capture-resolve 4.92 + present-slot 0.00 = total 4.92 ms, Present 0.61 ms.
[11:41:49.375] Decoder frame queue: frames=3198 wallMs=35742.8 perFrameMs: pipeRead=3.612 blockedWait=0.195 emptyPoll=0.000 emptySleep=0.000 queueFullWait=7.368 other=0.002 reads=20689 polls=0 queueFullWaits=3172 zeroFills=6
[11:41:49.412] Neural helper post-job VRAM: job=2 localVramMiB=1061 featureArmed=1 idleVramPolicy=free
[11:41:49.412] Resident helper served job 2 (1 this process) as initialized: ok=0 cancelled=1 frames=0 peakVramMiB=0
[11:41:54.420] NGX feature released for idle with FreeMemOnReleaseFeature result=0x1
[11:41:54.420] Resident helper idle VRAM: policy=free beforeMiB=1061 localVramMiB=700 freedMiB=361 released=1 featureArmed=0 observed=freed
[11:41:58.199] Opening video. Decoder preference: FFmpeg -> Windows Media Foundation
[11:41:58.199] FFmpeg executable detected.
[11:41:58.245] ffprobe: 1920x1080 DAR=1.77778 @ 30 fps, duration=113, matrix=unspecified range=unspecified primaries=unspecified transfer=unspecified
[11:41:58.247] FFmpeg raw BGRA process started with CUDA decode + GPU scale.
[11:41:58.247] Video decoder selected: FFmpeg
[11:41:58.250] FFmpeg raw BGRA process started with CUDA decode + GPU scale.
[11:41:58.451] Seek timing: target=1.500s mode=restart teardownMs=0.014 spawnMs=2.953 firstByteMs=200.523 firstFrameMs=203.950 callMs=3.333 forwardFrames=45 drainedFrames=0
[11:41:58.512] RAW NGX D3D12 CreateFeature SUCCESS: feature=SuperSampling input=1920x1080 output=1920x1080 flags=MVLowRes|AutoExposure; direct hook-visible contract
[11:41:58.513] Temporal history reset: reason=first-frame frame#45 pts=15000000 history=1 job=4
[11:41:58.513] NGX feature creation flushed before EvaluateFeature; temporal history reset.
[11:41:58.514] [NGX feature 32765] [2026-09-15 11:41:58] [NVSDK_NGX_CreateFeature_Validate:710] error: required feature is not supported by NGX runtime, please update display driver
[11:41:58.643] RAW NGX EvaluateFeature_C SUCCESS #1 color=1920x1080 depth=1920x1080 mv=1920x1080 output=1920x1080 jitter=(0,0) reset=1
[11:41:58.873] Decoder frame queue: frames=5 wallMs=620.3 perFrameMs: pipeRead=6.401 blockedWait=39.462 emptyPoll=0.000 emptySleep=0.000 queueFullWait=78.195 other=0.003 reads=328 polls=0 queueFullWaits=1 zeroFills=5
[11:41:58.911] Opening video. Decoder preference: FFmpeg -> Windows Media Foundation
[11:41:58.911] FFmpeg executable detected.
[11:41:58.952] ffprobe: 1920x1080 DAR=1.77778 @ 30 fps, duration=113, matrix=unspecified range=unspecified primaries=unspecified transfer=unspecified
[11:41:58.953] FFmpeg raw BGRA process started with CUDA decode + GPU scale.
[11:41:58.953] Video decoder selected: FFmpeg
[11:41:59.132] Seek timing: target=0.000s mode=reuse teardownMs=0.000 spawnMs=0.000 firstByteMs=172.248 firstFrameMs=178.246 callMs=0.692 forwardFrames=0 drainedFrames=0
[11:41:59.139] Temporal history reset: reason=first-frame frame#0 pts=0 history=2 job=4
[11:41:59.262] Temporal history reset: reason=cut frame#15 pts=5000000 history=3 job=4
[11:41:59.445] Temporal history reset: reason=cut frame#35 pts=11666666 history=4 job=4
[11:41:59.751] Temporal history reset: reason=cut frame#62 pts=20666666 history=5 job=4
[11:42:00.005] Temporal history reset: reason=cut frame#85 pts=28333333 history=6 job=4
[11:42:00.180] Temporal history reset: reason=cut frame#102 pts=34000000 history=7 job=4
[11:42:01.554] Neural export stage cost per frame (hevc_nvenc, 170 frames): total 14.89 ms = source 1.11 + submit 8.20 + resolve wait 5.56 + encoder back pressure 0.01 ms, measured loop 11.25 ms. Of that: guides 2.29 ms, GPU waits render-slot 0.00 + capture-submit 0.00 + capture-resolve 5.71 + present-slot 0.00 = total 5.71 ms, Present 1.64 ms.
[11:42:01.555] Decoder frame queue: frames=223 wallMs=2600.6 perFrameMs: pipeRead=2.989 blockedWait=0.794 emptyPoll=0.000 emptySleep=0.000 queueFullWait=7.877 other=0.002 reads=827 polls=0 queueFullWaits=211 zeroFills=6
[11:42:01.591] Neural helper post-job VRAM: job=4 localVramMiB=1061 featureArmed=1 idleVramPolicy=free
[11:42:01.591] Resident helper served job 4 (2 this process) as feature-recreated: ok=0 cancelled=1 frames=0 peakVramMiB=0
[11:42:01.870] Resident helper session ended: shutdown
[11:42:01.881] Renderer teardown: buffers unmapped
[11:42:01.908] Renderer teardown: NGX released

