[11:42:09.249] Resident helper session starting with idleVramPolicy=free
[11:42:09.250] Opening video. Decoder preference: FFmpeg -> Windows Media Foundation
[11:42:09.250] FFmpeg executable detected.
[11:42:09.283] ffprobe: 1920x1080 DAR=1.77778 @ 30 fps, duration=113, matrix=unspecified range=unspecified primaries=unspecified transfer=unspecified
[11:42:09.286] FFmpeg raw BGRA process started with CUDA decode + GPU scale.
[11:42:09.287] Video decoder selected: FFmpeg
[11:42:09.290] FFmpeg raw BGRA process started with CUDA decode + GPU scale.
[11:42:09.523] Seek timing: target=2.567s mode=restart teardownMs=0.173 spawnMs=3.505 firstByteMs=232.962 firstFrameMs=236.400 callMs=3.869 forwardFrames=77 drainedFrames=0
[11:42:09.642] D3D12 device adapter "NVIDIA GeForce RTX 4080 SUPER" luid=0x1463e vendor=0x10de vram=16047MiB is the high-performance adapter "NVIDIA GeForce RTX 4080 SUPER" luid=0x1463e that the cache identity, the receipt GPU label and the pace prior describe
[11:42:09.861] [NGX feature 32764] [2026-09-15 11:42:09] [NGXLoadLibrary:326] error: failed to load NGXCore: 126 (C:\Users\User\Documents\GitHub\dlss5-video-player\build-upscaling\Release\neural-runtime\_nvngx.dll)  <- routine: the NGX core ships with the driver, not beside this executable; the driver-store load is logged separately
[11:42:09.861] [NGX feature 32764] [2026-09-15 11:42:09] [NGXLoadLibrary:326] error: failed to load NGXCore: -2146885623 (C:\Users\User\Documents\GitHub\dlss5-video-player\build-upscaling\Release\neural-runtime\nvngx.dll)  <- routine: the NGX core ships with the driver, not beside this executable; the driver-store load is logged separately
[11:42:09.878] [NGX feature 32764] [2026-09-15 11:42:09] [NGXLoadCoreLibrary:279] Loading C:\WINDOWS\System32\DriverStore\FileRepository\nv_dispsi.inf_amd64_7cc7738d8e428783\_nvngx.dll succeeded
[11:42:10.059] [NGX feature 32765] [2026-09-15 11:42:10] [`anonymous-namespace'::SnippetLocationInfo::load:713] NGXLoadFromPath failed: -1160773628
[11:42:10.104] [NGX feature 32765] [2026-09-15 11:42:10] [`anonymous-namespace'::SnippetLocationInfo::load:713] NGXLoadFromPath failed: -1160773628
[11:42:10.105] [NGX feature 32765] [2026-09-15 11:42:10] [NGXSecureLoadFeature:1345] Feature dlss failed to load (cmsid 141959980) from cache (location: C:\ProgramData\NVIDIA\NGX\models\dlss\versions\0\files, name: 160_876232C.bin)
[11:42:10.107] [NGX feature 32765] [2026-09-15 11:42:10] [`anonymous-namespace'::SnippetLocationInfo::load:713] NGXLoadFromPath failed: -1160773628
[11:42:10.107] [NGX feature 32765] [2026-09-15 11:42:10] [NGXSecureLoadFeature:1345] Feature dlss failed to load (cmsid 241534723) from cache (location: C:\ProgramData\NVIDIA\NGX\models\dlss\versions\0\files, name: 160_E658703.bin)
[11:42:10.228] [NGX feature 32765] [2026-09-15 11:42:10] [`anonymous-namespace'::SnippetLocationInfo::load:713] NGXLoadFromPath failed: -1160773628
[11:42:10.228] [NGX feature 32765] [2026-09-15 11:42:10] [`anonymous-namespace'::SnippetLocationInfo::load:713] NGXLoadFromPath failed: -1160773628
[11:42:10.229] [NGX feature 32765] [2026-09-15 11:42:10] [`anonymous-namespace'::SnippetLocationInfo::load:713] NGXLoadFromPath failed: -1160773628
[11:42:10.229] [NGX feature 32765] [2026-09-15 11:42:10] [`anonymous-namespace'::SnippetLocationInfo::load:713] NGXLoadFromPath failed: -1160773628
[11:42:10.229] [NGX feature 32765] [2026-09-15 11:42:10] [`anonymous-namespace'::SnippetLocationInfo::load:713] NGXLoadFromPath failed: -1160773628
[11:42:10.229] [NGX feature 32765] [2026-09-15 11:42:10] [`anonymous-namespace'::SnippetLocationInfo::load:713] NGXLoadFromPath failed: -1160773628
[11:42:10.229] [NGX feature 32765] [2026-09-15 11:42:10] [`anonymous-namespace'::SnippetLocationInfo::load:713] NGXLoadFromPath failed: -1160773628
[11:42:10.229] [NGX feature 32765] [2026-09-15 11:42:10] [`anonymous-namespace'::SnippetLocationInfo::load:713] NGXLoadFromPath failed: -1160773628
[11:42:10.229] [NGX feature 32765] [2026-09-15 11:42:10] [`anonymous-namespace'::SnippetLocationInfo::load:713] NGXLoadFromPath failed: -1160773628
[11:42:10.229] [NGX feature 32765] [2026-09-15 11:42:10] [`anonymous-namespace'::SnippetLocationInfo::load:713] NGXLoadFromPath failed: -1160773628
[11:42:10.229] [NGX feature 32765] [2026-09-15 11:42:10] [`anonymous-namespace'::SnippetLocationInfo::load:713] NGXLoadFromPath failed: -1160773628
[11:42:10.229] [NGX feature 32765] [2026-09-15 11:42:10] [`anonymous-namespace'::SnippetLocationInfo::load:713] NGXLoadFromPath failed: -1160773628
[11:42:10.230] [NGX feature 32765] [2026-09-15 11:42:10] [`anonymous-namespace'::SnippetLocationInfo::load:713] NGXLoadFromPath failed: -1160773628
[11:42:10.230] [NGX feature 32765] [2026-09-15 11:42:10] [`anonymous-namespace'::SnippetLocationInfo::load:713] NGXLoadFromPath failed: -1160773628
[11:42:10.230] [NGX feature 32765] [2026-09-15 11:42:10] [`anonymous-namespace'::SnippetLocationInfo::load:713] NGXLoadFromPath failed: -1160773628
[11:42:10.230] [NGX feature 32765] [2026-09-15 11:42:10] [`anonymous-namespace'::SnippetLocationInfo::load:713] NGXLoadFromPath failed: -1160773628
[11:42:10.230] [NGX feature 32765] [2026-09-15 11:42:10] [`anonymous-namespace'::SnippetLocationInfo::load:713] NGXLoadFromPath failed: -1160773628
[11:42:10.454] NGX capability: SuperSampling.Available=1
[11:42:10.454] NGX input policy: source=1920x1080 optimal=1920x1080 range=1901x1069..1920x1080 selected=1920x1080 output=1920x1080
[11:42:10.454] NGX initialized. Deferred raw CreateFeature armed: input=1920x1080 output=1920x1080
[11:42:10.521] NVOFA ready: 1920x1080 on a 2x2 grid (960x540 vectors, S10.5 = 1/32 px), perf=FAST, cost=on, direction=both, backward field bound for the round-trip gate, global flow=on.
[11:42:10.521] Motion guide backend: NVOFA hardware flow on the decoded 1920x1080 frame, vectors scaled by 1,1 into the 1920x1080 DLSS input.
[11:42:10.532] DLSS resource contract ready: Color=R16G16B16A16_FLOAT 1920x1080, MV=R16G16_FLOAT 1920x1080, Depth=R32_TYPELESS resource / D32_FLOAT DSV / R32_FLOAT SRV 1920x1080, Output=R16G16B16A16_FLOAT UAV 1920x1080, CompactGrid=R32G32B32A32_FLOAT 160x90 -> GPU MV expansion + direct SV_Depth write, Reference=B8G8R8A8_UNORM 1920x1080, Source=BGRA upload, NeuralTimestamps=12 @1000000000Hz
[11:42:10.532] V11 guide contract: compact CPU optical-flow grid expanded on GPU into full R16G16_FLOAT MVs; depth is written directly into the same R32_TYPELESS/D32_FLOAT resource passed to NGX; temporal reset only on discontinuities.
[11:42:10.536] Temporal history reset: reason=first-frame frame#77 pts=25666666 history=1 job=2
[11:42:10.584] RAW NGX D3D12 CreateFeature SUCCESS: feature=SuperSampling input=1920x1080 output=1920x1080 flags=MVLowRes|AutoExposure; direct hook-visible contract
[11:42:10.584] Temporal history reset: reason=feature-recreate frame#78 pts=25999999 history=1 job=2
[11:42:10.585] NGX feature creation flushed before EvaluateFeature; temporal history reset.
[11:42:10.776] [NGX feature 32765] [2026-09-15 11:42:10] [NVSDK_NGX_CreateFeature_Validate:710] error: required feature is not supported by NGX runtime, please update display driver
[11:42:10.948] RAW NGX EvaluateFeature_C SUCCESS #1 color=1920x1080 depth=1920x1080 mv=1920x1080 output=1920x1080 jitter=(0,0) reset=1
[11:42:11.199] Decoder frame queue: frames=6 wallMs=1908.2 perFrameMs: pipeRead=2.541 blockedWait=38.760 emptyPoll=0.000 emptySleep=0.000 queueFullWait=276.736 other=0.002 reads=451 polls=0 queueFullWaits=3 zeroFills=5
[11:42:11.235] Opening video. Decoder preference: FFmpeg -> Windows Media Foundation
[11:42:11.235] FFmpeg executable detected.
[11:42:11.276] ffprobe: 1920x1080 DAR=1.77778 @ 30 fps, duration=113, matrix=unspecified range=unspecified primaries=unspecified transfer=unspecified
[11:42:11.278] FFmpeg raw BGRA process started with CUDA decode + GPU scale.
[11:42:11.278] Video decoder selected: FFmpeg
[11:42:11.282] FFmpeg raw BGRA process started with CUDA decode + GPU scale.
[11:42:11.471] Seek timing: target=0.567s mode=restart teardownMs=0.015 spawnMs=3.080 firstByteMs=190.537 firstFrameMs=193.042 callMs=3.535 forwardFrames=17 drainedFrames=0
[11:42:11.472] Temporal history reset: reason=first-frame frame#17 pts=5666666 history=2 job=2
[11:42:11.622] Temporal history reset: reason=cut frame#35 pts=11666666 history=3 job=2
[11:42:11.873] Temporal history reset: reason=cut frame#62 pts=20666666 history=4 job=2
[11:42:12.334] Temporal history reset: reason=cut frame#85 pts=28333332 history=5 job=2
[11:42:12.524] Temporal history reset: reason=cut frame#102 pts=33999999 history=6 job=2
[11:42:14.358] Temporal history reset: reason=cut frame#270 pts=89999999 history=7 job=2
[11:42:14.842] RAW NGX EvaluateFeature_C SUCCESS #300 color=1920x1080 depth=1920x1080 mv=1920x1080 output=1920x1080 jitter=(0,0) reset=0
[11:42:16.181] Temporal history reset: reason=cut frame#438 pts=145999999 history=8 job=2
[11:42:16.524] Temporal history reset: reason=cut frame#470 pts=156666666 history=9 job=2
[11:42:16.916] Temporal history reset: reason=cut frame#506 pts=168666666 history=10 job=2
[11:42:17.795] Temporal history reset: reason=cut frame#582 pts=193999999 history=11 job=2
[11:42:18.146] RAW NGX EvaluateFeature_C SUCCESS #600 color=1920x1080 depth=1920x1080 mv=1920x1080 output=1920x1080 jitter=(0,0) reset=0
[11:42:18.992] Temporal history reset: reason=cut frame#693 pts=230999999 history=12 job=2
[11:42:19.212] Temporal history reset: reason=cut frame#713 pts=237666666 history=13 job=2
[11:42:19.507] Temporal history reset: reason=cut frame#740 pts=246666666 history=14 job=2
[11:42:19.754] Temporal history reset: reason=cut frame#763 pts=254333332 history=15 job=2
[11:42:19.938] Temporal history reset: reason=cut frame#780 pts=259999999 history=16 job=2
[11:42:21.368] RAW NGX EvaluateFeature_C SUCCESS #900 color=1920x1080 depth=1920x1080 mv=1920x1080 output=1920x1080 jitter=(0,0) reset=0
[11:42:21.740] Temporal history reset: reason=cut frame#948 pts=315999999 history=17 job=2
[11:42:23.534] Temporal history reset: reason=cut frame#1116 pts=371999999 history=18 job=2
[11:42:23.893] Temporal history reset: reason=cut frame#1148 pts=382666666 history=19 job=2
[11:42:24.270] Temporal history reset: reason=cut frame#1184 pts=394666666 history=20 job=2
[11:42:24.605] RAW NGX EvaluateFeature_C SUCCESS #1200 color=1920x1080 depth=1920x1080 mv=1920x1080 output=1920x1080 jitter=(0,0) reset=0
[11:42:25.091] Temporal history reset: reason=cut frame#1260 pts=419999999 history=21 job=2
[11:42:26.288] Temporal history reset: reason=cut frame#1371 pts=456999999 history=22 job=2
[11:42:26.505] Temporal history reset: reason=cut frame#1391 pts=463666666 history=23 job=2
[11:42:26.782] Temporal history reset: reason=cut frame#1418 pts=472666666 history=24 job=2
[11:42:27.035] Temporal history reset: reason=cut frame#1441 pts=480333332 history=25 job=2
[11:42:27.209] Temporal history reset: reason=cut frame#1458 pts=485999999 history=26 job=2
[11:42:27.845] RAW NGX EvaluateFeature_C SUCCESS #1500 color=1920x1080 depth=1920x1080 mv=1920x1080 output=1920x1080 jitter=(0,0) reset=0
[11:42:29.028] Temporal history reset: reason=cut frame#1626 pts=541999999 history=27 job=2
[11:42:30.835] Temporal history reset: reason=cut frame#1794 pts=597999999 history=28 job=2
[11:42:31.059] RAW NGX EvaluateFeature_C SUCCESS #1800 color=1920x1080 depth=1920x1080 mv=1920x1080 output=1920x1080 jitter=(0,0) reset=0
[11:42:31.172] Temporal history reset: reason=cut frame#1826 pts=608666666 history=29 job=2
[11:42:31.580] Temporal history reset: reason=cut frame#1862 pts=620666666 history=30 job=2
[11:42:32.390] Temporal history reset: reason=cut frame#1938 pts=645999999 history=31 job=2
[11:42:33.587] Temporal history reset: reason=cut frame#2049 pts=682999999 history=32 job=2
[11:42:33.799] Temporal history reset: reason=cut frame#2069 pts=689666666 history=33 job=2
[11:42:34.086] Temporal history reset: reason=cut frame#2096 pts=698666666 history=34 job=2
[11:42:34.280] RAW NGX EvaluateFeature_C SUCCESS #2100 color=1920x1080 depth=1920x1080 mv=1920x1080 output=1920x1080 jitter=(0,0) reset=0
[11:42:34.319] Temporal history reset: reason=cut frame#2119 pts=706333332 history=35 job=2
[11:42:34.493] Temporal history reset: reason=cut frame#2136 pts=711999999 history=36 job=2
[11:42:36.289] Temporal history reset: reason=cut frame#2304 pts=767999999 history=37 job=2
[11:42:37.485] RAW NGX EvaluateFeature_C SUCCESS #2400 color=1920x1080 depth=1920x1080 mv=1920x1080 output=1920x1080 jitter=(0,0) reset=0
[11:42:38.103] Temporal history reset: reason=cut frame#2472 pts=823999999 history=38 job=2
[11:42:38.440] Temporal history reset: reason=cut frame#2504 pts=834666666 history=39 job=2
[11:42:38.836] Temporal history reset: reason=cut frame#2540 pts=846666666 history=40 job=2
[11:42:39.675] Temporal history reset: reason=cut frame#2616 pts=871999999 history=41 job=2
[11:42:40.724] RAW NGX EvaluateFeature_C SUCCESS #2700 color=1920x1080 depth=1920x1080 mv=1920x1080 output=1920x1080 jitter=(0,0) reset=0
[11:42:40.847] Temporal history reset: reason=cut frame#2727 pts=908999999 history=42 job=2
[11:42:41.061] Temporal history reset: reason=cut frame#2747 pts=915666666 history=43 job=2
[11:42:41.354] Temporal history reset: reason=cut frame#2774 pts=924666666 history=44 job=2
[11:42:41.631] Temporal history reset: reason=cut frame#2797 pts=932333332 history=45 job=2
[11:42:41.829] Temporal history reset: reason=cut frame#2814 pts=937999999 history=46 job=2
[11:42:43.687] Temporal history reset: reason=cut frame#2982 pts=993999999 history=47 job=2
[11:42:44.050] RAW NGX EvaluateFeature_C SUCCESS #3000 color=1920x1080 depth=1920x1080 mv=1920x1080 output=1920x1080 jitter=(0,0) reset=0
[11:42:45.548] Temporal history reset: reason=cut frame#3150 pts=1049999999 history=48 job=2
[11:42:45.914] Temporal history reset: reason=cut frame#3182 pts=1060666666 history=49 job=2
[11:42:46.300] Temporal history reset: reason=cut frame#3218 pts=1072666666 history=50 job=2
[11:42:47.049] Neural export stage cost per frame (hevc_nvenc, 3202 frames): total 11.06 ms = source 0.07 + submit 6.10 + resolve wait 4.86 + encoder back pressure 0.01 ms, measured loop 10.92 ms. Of that: guides 2.00 ms, GPU waits render-slot 0.00 + capture-submit 0.00 + capture-resolve 4.86 + present-slot 0.00 = total 4.86 ms, Present 0.58 ms.
[11:42:47.049] Decoder frame queue: frames=3270 wallMs=35767.7 perFrameMs: pipeRead=3.397 blockedWait=0.226 emptyPoll=0.000 emptySleep=0.000 queueFullWait=7.313 other=0.002 reads=23196 polls=0 queueFullWaits=3211 zeroFills=7
[11:42:47.090] Neural helper post-job VRAM: job=2 localVramMiB=1061 featureArmed=1 idleVramPolicy=free
[11:42:47.090] Resident helper served job 2 (1 this process) as initialized: ok=0 cancelled=1 frames=0 peakVramMiB=0
[11:42:52.110] NGX feature released for idle with FreeMemOnReleaseFeature result=0x1
[11:42:52.110] Resident helper idle VRAM: policy=free beforeMiB=1061 localVramMiB=700 freedMiB=361 released=1 featureArmed=0 observed=freed
[11:42:55.893] Opening video. Decoder preference: FFmpeg -> Windows Media Foundation
[11:42:55.893] FFmpeg executable detected.
[11:42:55.941] ffprobe: 1920x1080 DAR=1.77778 @ 30 fps, duration=113, matrix=unspecified range=unspecified primaries=unspecified transfer=unspecified
[11:42:55.943] FFmpeg raw BGRA process started with CUDA decode + GPU scale.
[11:42:55.943] Video decoder selected: FFmpeg
[11:42:55.946] FFmpeg raw BGRA process started with CUDA decode + GPU scale.
[11:42:56.153] Seek timing: target=1.467s mode=restart teardownMs=0.015 spawnMs=2.730 firstByteMs=204.186 firstFrameMs=208.898 callMs=3.062 forwardFrames=44 drainedFrames=0
[11:42:56.203] RAW NGX D3D12 CreateFeature SUCCESS: feature=SuperSampling input=1920x1080 output=1920x1080 flags=MVLowRes|AutoExposure; direct hook-visible contract
[11:42:56.203] Temporal history reset: reason=first-frame frame#44 pts=14666666 history=1 job=4
[11:42:56.204] NGX feature creation flushed before EvaluateFeature; temporal history reset.
[11:42:56.204] [NGX feature 32765] [2026-09-15 11:42:56] [NVSDK_NGX_CreateFeature_Validate:710] error: required feature is not supported by NGX runtime, please update display driver
[11:42:56.360] RAW NGX EvaluateFeature_C SUCCESS #1 color=1920x1080 depth=1920x1080 mv=1920x1080 output=1920x1080 jitter=(0,0) reset=1
[11:42:56.579] Decoder frame queue: frames=5 wallMs=631.7 perFrameMs: pipeRead=6.449 blockedWait=39.893 emptyPoll=0.000 emptySleep=0.000 queueFullWait=80.001 other=0.005 reads=93 polls=0 queueFullWaits=1 zeroFills=5
[11:42:56.615] Opening video. Decoder preference: FFmpeg -> Windows Media Foundation
[11:42:56.615] FFmpeg executable detected.
[11:42:56.657] ffprobe: 1920x1080 DAR=1.77778 @ 30 fps, duration=113, matrix=unspecified range=unspecified primaries=unspecified transfer=unspecified
[11:42:56.659] FFmpeg raw BGRA process started with CUDA decode + GPU scale.
[11:42:56.659] Video decoder selected: FFmpeg
[11:42:56.831] Seek timing: target=0.000s mode=reuse teardownMs=0.000 spawnMs=0.000 firstByteMs=167.033 firstFrameMs=172.550 callMs=0.514 forwardFrames=0 drainedFrames=0
[11:42:56.836] Temporal history reset: reason=first-frame frame#0 pts=0 history=2 job=4
[11:42:56.961] Temporal history reset: reason=cut frame#15 pts=5000000 history=3 job=4
[11:42:57.144] Temporal history reset: reason=cut frame#35 pts=11666666 history=4 job=4
[11:42:57.420] Temporal history reset: reason=cut frame#62 pts=20666666 history=5 job=4
[11:42:57.659] Temporal history reset: reason=cut frame#85 pts=28333333 history=6 job=4
[11:42:57.825] Temporal history reset: reason=cut frame#102 pts=34000000 history=7 job=4
[11:42:59.177] Neural export stage cost per frame (hevc_nvenc, 170 frames): total 14.41 ms = source 1.06 + submit 8.08 + resolve wait 5.26 + encoder back pressure 0.01 ms, measured loop 10.94 ms. Of that: guides 2.34 ms, GPU waits render-slot 0.00 + capture-submit 0.00 + capture-resolve 5.37 + present-slot 0.00 = total 5.37 ms, Present 1.57 ms.
[11:42:59.177] Decoder frame queue: frames=222 wallMs=2517.6 perFrameMs: pipeRead=2.984 blockedWait=0.766 emptyPoll=0.000 emptySleep=0.000 queueFullWait=7.587 other=0.003 reads=730 polls=0 queueFullWaits=209 zeroFills=6
[11:42:59.213] Neural helper post-job VRAM: job=4 localVramMiB=1061 featureArmed=1 idleVramPolicy=free
[11:42:59.213] Resident helper served job 4 (2 this process) as feature-recreated: ok=0 cancelled=1 frames=0 peakVramMiB=0
[11:42:59.504] Resident helper session ended: shutdown
[11:42:59.516] Renderer teardown: buffers unmapped
[11:42:59.547] Renderer teardown: NGX released

