[11:40:13.735] Resident helper session starting with idleVramPolicy=free
[11:40:13.736] Opening video. Decoder preference: FFmpeg -> Windows Media Foundation
[11:40:13.736] FFmpeg executable detected.
[11:40:13.778] ffprobe: 1920x1080 DAR=1.77778 @ 30 fps, duration=113, matrix=unspecified range=unspecified primaries=unspecified transfer=unspecified
[11:40:13.781] FFmpeg raw BGRA process started with CUDA decode + GPU scale.
[11:40:13.781] Video decoder selected: FFmpeg
[11:40:13.784] FFmpeg raw BGRA process started with CUDA decode + GPU scale.
[11:40:14.027] Seek timing: target=2.600s mode=restart teardownMs=0.016 spawnMs=2.733 firstByteMs=242.575 firstFrameMs=245.356 callMs=2.936 forwardFrames=78 drainedFrames=0
[11:40:14.147] D3D12 device adapter "NVIDIA GeForce RTX 4080 SUPER" luid=0x1463e vendor=0x10de vram=16047MiB is the high-performance adapter "NVIDIA GeForce RTX 4080 SUPER" luid=0x1463e that the cache identity, the receipt GPU label and the pace prior describe
[11:40:14.360] [NGX feature 32764] [2026-09-15 11:40:14] [NGXLoadLibrary:326] error: failed to load NGXCore: 126 (C:\Users\User\Documents\GitHub\dlss5-video-player\build-upscaling\Release\neural-runtime\_nvngx.dll)  <- routine: the NGX core ships with the driver, not beside this executable; the driver-store load is logged separately
[11:40:14.360] [NGX feature 32764] [2026-09-15 11:40:14] [NGXLoadLibrary:326] error: failed to load NGXCore: -2146885623 (C:\Users\User\Documents\GitHub\dlss5-video-player\build-upscaling\Release\neural-runtime\nvngx.dll)  <- routine: the NGX core ships with the driver, not beside this executable; the driver-store load is logged separately
[11:40:14.380] [NGX feature 32764] [2026-09-15 11:40:14] [NGXLoadCoreLibrary:279] Loading C:\WINDOWS\System32\DriverStore\FileRepository\nv_dispsi.inf_amd64_7cc7738d8e428783\_nvngx.dll succeeded
[11:40:14.578] [NGX feature 32765] [2026-09-15 11:40:14] [`anonymous-namespace'::SnippetLocationInfo::load:713] NGXLoadFromPath failed: -1160773628
[11:40:14.624] [NGX feature 32765] [2026-09-15 11:40:14] [`anonymous-namespace'::SnippetLocationInfo::load:713] NGXLoadFromPath failed: -1160773628
[11:40:14.624] [NGX feature 32765] [2026-09-15 11:40:14] [NGXSecureLoadFeature:1345] Feature dlss failed to load (cmsid 141959980) from cache (location: C:\ProgramData\NVIDIA\NGX\models\dlss\versions\0\files, name: 160_876232C.bin)
[11:40:14.626] [NGX feature 32765] [2026-09-15 11:40:14] [`anonymous-namespace'::SnippetLocationInfo::load:713] NGXLoadFromPath failed: -1160773628
[11:40:14.627] [NGX feature 32765] [2026-09-15 11:40:14] [NGXSecureLoadFeature:1345] Feature dlss failed to load (cmsid 241534723) from cache (location: C:\ProgramData\NVIDIA\NGX\models\dlss\versions\0\files, name: 160_E658703.bin)
[11:40:14.748] [NGX feature 32765] [2026-09-15 11:40:14] [`anonymous-namespace'::SnippetLocationInfo::load:713] NGXLoadFromPath failed: -1160773628
[11:40:14.748] [NGX feature 32765] [2026-09-15 11:40:14] [`anonymous-namespace'::SnippetLocationInfo::load:713] NGXLoadFromPath failed: -1160773628
[11:40:14.748] [NGX feature 32765] [2026-09-15 11:40:14] [`anonymous-namespace'::SnippetLocationInfo::load:713] NGXLoadFromPath failed: -1160773628
[11:40:14.748] [NGX feature 32765] [2026-09-15 11:40:14] [`anonymous-namespace'::SnippetLocationInfo::load:713] NGXLoadFromPath failed: -1160773628
[11:40:14.748] [NGX feature 32765] [2026-09-15 11:40:14] [`anonymous-namespace'::SnippetLocationInfo::load:713] NGXLoadFromPath failed: -1160773628
[11:40:14.748] [NGX feature 32765] [2026-09-15 11:40:14] [`anonymous-namespace'::SnippetLocationInfo::load:713] NGXLoadFromPath failed: -1160773628
[11:40:14.749] [NGX feature 32765] [2026-09-15 11:40:14] [`anonymous-namespace'::SnippetLocationInfo::load:713] NGXLoadFromPath failed: -1160773628
[11:40:14.749] [NGX feature 32765] [2026-09-15 11:40:14] [`anonymous-namespace'::SnippetLocationInfo::load:713] NGXLoadFromPath failed: -1160773628
[11:40:14.749] [NGX feature 32765] [2026-09-15 11:40:14] [`anonymous-namespace'::SnippetLocationInfo::load:713] NGXLoadFromPath failed: -1160773628
[11:40:14.749] [NGX feature 32765] [2026-09-15 11:40:14] [`anonymous-namespace'::SnippetLocationInfo::load:713] NGXLoadFromPath failed: -1160773628
[11:40:14.749] [NGX feature 32765] [2026-09-15 11:40:14] [`anonymous-namespace'::SnippetLocationInfo::load:713] NGXLoadFromPath failed: -1160773628
[11:40:14.749] [NGX feature 32765] [2026-09-15 11:40:14] [`anonymous-namespace'::SnippetLocationInfo::load:713] NGXLoadFromPath failed: -1160773628
[11:40:14.749] [NGX feature 32765] [2026-09-15 11:40:14] [`anonymous-namespace'::SnippetLocationInfo::load:713] NGXLoadFromPath failed: -1160773628
[11:40:14.749] [NGX feature 32765] [2026-09-15 11:40:14] [`anonymous-namespace'::SnippetLocationInfo::load:713] NGXLoadFromPath failed: -1160773628
[11:40:14.749] [NGX feature 32765] [2026-09-15 11:40:14] [`anonymous-namespace'::SnippetLocationInfo::load:713] NGXLoadFromPath failed: -1160773628
[11:40:14.750] [NGX feature 32765] [2026-09-15 11:40:14] [`anonymous-namespace'::SnippetLocationInfo::load:713] NGXLoadFromPath failed: -1160773628
[11:40:14.750] [NGX feature 32765] [2026-09-15 11:40:14] [`anonymous-namespace'::SnippetLocationInfo::load:713] NGXLoadFromPath failed: -1160773628
[11:40:14.974] NGX capability: SuperSampling.Available=1
[11:40:14.974] NGX input policy: source=1920x1080 optimal=1920x1080 range=1901x1069..1920x1080 selected=1920x1080 output=1920x1080
[11:40:14.974] NGX initialized. Deferred raw CreateFeature armed: input=1920x1080 output=1920x1080
[11:40:15.035] NVOFA ready: 1920x1080 on a 2x2 grid (960x540 vectors, S10.5 = 1/32 px), perf=FAST, cost=on, direction=both, backward field bound for the round-trip gate, global flow=on.
[11:40:15.035] Motion guide backend: NVOFA hardware flow on the decoded 1920x1080 frame, vectors scaled by 1,1 into the 1920x1080 DLSS input.
[11:40:15.047] DLSS resource contract ready: Color=R16G16B16A16_FLOAT 1920x1080, MV=R16G16_FLOAT 1920x1080, Depth=R32_TYPELESS resource / D32_FLOAT DSV / R32_FLOAT SRV 1920x1080, Output=R16G16B16A16_FLOAT UAV 1920x1080, CompactGrid=R32G32B32A32_FLOAT 160x90 -> GPU MV expansion + direct SV_Depth write, Reference=B8G8R8A8_UNORM 1920x1080, Source=BGRA upload, NeuralTimestamps=12 @1000000000Hz
[11:40:15.047] V11 guide contract: compact CPU optical-flow grid expanded on GPU into full R16G16_FLOAT MVs; depth is written directly into the same R32_TYPELESS/D32_FLOAT resource passed to NGX; temporal reset only on discontinuities.
[11:40:15.049] Temporal history reset: reason=first-frame frame#78 pts=26000000 history=1 job=2
[11:40:15.099] RAW NGX D3D12 CreateFeature SUCCESS: feature=SuperSampling input=1920x1080 output=1920x1080 flags=MVLowRes|AutoExposure; direct hook-visible contract
[11:40:15.099] Temporal history reset: reason=feature-recreate frame#79 pts=26333333 history=1 job=2
[11:40:15.099] NGX feature creation flushed before EvaluateFeature; temporal history reset.
[11:40:15.293] [NGX feature 32765] [2026-09-15 11:40:15] [NVSDK_NGX_CreateFeature_Validate:710] error: required feature is not supported by NGX runtime, please update display driver
[11:40:15.472] RAW NGX EvaluateFeature_C SUCCESS #1 color=1920x1080 depth=1920x1080 mv=1920x1080 output=1920x1080 jitter=(0,0) reset=1
[11:40:15.724] Decoder frame queue: frames=6 wallMs=1939.3 perFrameMs: pipeRead=2.777 blockedWait=40.792 emptyPoll=0.000 emptySleep=0.000 queueFullWait=279.649 other=0.002 reads=465 polls=0 queueFullWaits=3 zeroFills=5
[11:40:15.764] Opening video. Decoder preference: FFmpeg -> Windows Media Foundation
[11:40:15.765] FFmpeg executable detected.
[11:40:15.802] ffprobe: 1920x1080 DAR=1.77778 @ 30 fps, duration=113, matrix=unspecified range=unspecified primaries=unspecified transfer=unspecified
[11:40:15.803] FFmpeg raw BGRA process started with CUDA decode + GPU scale.
[11:40:15.804] Video decoder selected: FFmpeg
[11:40:15.807] FFmpeg raw BGRA process started with CUDA decode + GPU scale.
[11:40:16.006] Seek timing: target=0.600s mode=restart teardownMs=0.015 spawnMs=2.973 firstByteMs=198.988 firstFrameMs=202.305 callMs=3.339 forwardFrames=18 drainedFrames=0
[11:40:16.007] Temporal history reset: reason=first-frame frame#18 pts=6000000 history=2 job=2
[11:40:16.153] Temporal history reset: reason=cut frame#35 pts=11666666 history=3 job=2
[11:40:16.409] Temporal history reset: reason=cut frame#62 pts=20666666 history=4 job=2
[11:40:16.872] Temporal history reset: reason=cut frame#85 pts=28333333 history=5 job=2
[11:40:17.114] Temporal history reset: reason=cut frame#102 pts=34000000 history=6 job=2
[11:40:19.046] Temporal history reset: reason=cut frame#270 pts=90000000 history=7 job=2
[11:40:19.595] RAW NGX EvaluateFeature_C SUCCESS #300 color=1920x1080 depth=1920x1080 mv=1920x1080 output=1920x1080 jitter=(0,0) reset=0
[11:40:21.002] Temporal history reset: reason=cut frame#438 pts=146000000 history=8 job=2
[11:40:21.367] Temporal history reset: reason=cut frame#470 pts=156666666 history=9 job=2
[11:40:21.804] Temporal history reset: reason=cut frame#506 pts=168666666 history=10 job=2
[11:40:22.685] Temporal history reset: reason=cut frame#582 pts=194000000 history=11 job=2
[11:40:23.064] RAW NGX EvaluateFeature_C SUCCESS #600 color=1920x1080 depth=1920x1080 mv=1920x1080 output=1920x1080 jitter=(0,0) reset=0
[11:40:23.940] Temporal history reset: reason=cut frame#693 pts=231000000 history=12 job=2
[11:40:24.189] Temporal history reset: reason=cut frame#713 pts=237666666 history=13 job=2
[11:40:24.489] Temporal history reset: reason=cut frame#740 pts=246666666 history=14 job=2
[11:40:24.734] Temporal history reset: reason=cut frame#763 pts=254333333 history=15 job=2
[11:40:24.923] Temporal history reset: reason=cut frame#780 pts=260000000 history=16 job=2
[11:40:26.456] RAW NGX EvaluateFeature_C SUCCESS #900 color=1920x1080 depth=1920x1080 mv=1920x1080 output=1920x1080 jitter=(0,0) reset=0
[11:40:26.803] Temporal history reset: reason=cut frame#948 pts=316000000 history=17 job=2
[11:40:28.722] Temporal history reset: reason=cut frame#1116 pts=372000000 history=18 job=2
[11:40:29.076] Temporal history reset: reason=cut frame#1148 pts=382666666 history=19 job=2
[11:40:29.465] Temporal history reset: reason=cut frame#1184 pts=394666666 history=20 job=2
[11:40:29.815] RAW NGX EvaluateFeature_C SUCCESS #1200 color=1920x1080 depth=1920x1080 mv=1920x1080 output=1920x1080 jitter=(0,0) reset=0
[11:40:30.317] Temporal history reset: reason=cut frame#1260 pts=420000000 history=21 job=2
[11:40:31.486] Temporal history reset: reason=cut frame#1371 pts=457000000 history=22 job=2
[11:40:31.702] Temporal history reset: reason=cut frame#1391 pts=463666666 history=23 job=2
[11:40:31.983] Temporal history reset: reason=cut frame#1418 pts=472666666 history=24 job=2
[11:40:32.264] Temporal history reset: reason=cut frame#1441 pts=480333333 history=25 job=2
[11:40:32.438] Temporal history reset: reason=cut frame#1458 pts=486000000 history=26 job=2
[11:40:33.048] RAW NGX EvaluateFeature_C SUCCESS #1500 color=1920x1080 depth=1920x1080 mv=1920x1080 output=1920x1080 jitter=(0,0) reset=0
[11:40:34.249] Temporal history reset: reason=cut frame#1626 pts=542000000 history=27 job=2
[11:40:36.143] Temporal history reset: reason=cut frame#1794 pts=598000000 history=28 job=2
[11:40:36.413] RAW NGX EvaluateFeature_C SUCCESS #1800 color=1920x1080 depth=1920x1080 mv=1920x1080 output=1920x1080 jitter=(0,0) reset=0
[11:40:36.525] Temporal history reset: reason=cut frame#1826 pts=608666666 history=29 job=2
[11:40:36.946] Temporal history reset: reason=cut frame#1862 pts=620666666 history=30 job=2
[11:40:37.811] Temporal history reset: reason=cut frame#1938 pts=646000000 history=31 job=2
[11:40:39.042] Temporal history reset: reason=cut frame#2049 pts=683000000 history=32 job=2
[11:40:39.254] Temporal history reset: reason=cut frame#2069 pts=689666666 history=33 job=2
[11:40:39.558] Temporal history reset: reason=cut frame#2096 pts=698666666 history=34 job=2
[11:40:39.785] RAW NGX EvaluateFeature_C SUCCESS #2100 color=1920x1080 depth=1920x1080 mv=1920x1080 output=1920x1080 jitter=(0,0) reset=0
[11:40:39.817] Temporal history reset: reason=cut frame#2119 pts=706333333 history=35 job=2
[11:40:39.999] Temporal history reset: reason=cut frame#2136 pts=712000000 history=36 job=2
[11:40:41.859] Temporal history reset: reason=cut frame#2304 pts=768000000 history=37 job=2
[11:40:43.099] RAW NGX EvaluateFeature_C SUCCESS #2400 color=1920x1080 depth=1920x1080 mv=1920x1080 output=1920x1080 jitter=(0,0) reset=0
[11:40:43.716] Temporal history reset: reason=cut frame#2472 pts=824000000 history=38 job=2
[11:40:44.069] Temporal history reset: reason=cut frame#2504 pts=834666666 history=39 job=2
[11:40:44.483] Temporal history reset: reason=cut frame#2540 pts=846666666 history=40 job=2
[11:40:45.306] Temporal history reset: reason=cut frame#2616 pts=872000000 history=41 job=2
[11:40:46.417] RAW NGX EvaluateFeature_C SUCCESS #2700 color=1920x1080 depth=1920x1080 mv=1920x1080 output=1920x1080 jitter=(0,0) reset=0
[11:40:46.533] Temporal history reset: reason=cut frame#2727 pts=909000000 history=42 job=2
[11:40:46.747] Temporal history reset: reason=cut frame#2747 pts=915666666 history=43 job=2
[11:40:47.037] Temporal history reset: reason=cut frame#2774 pts=924666666 history=44 job=2
[11:40:47.283] Temporal history reset: reason=cut frame#2797 pts=932333333 history=45 job=2
[11:40:47.468] Temporal history reset: reason=cut frame#2814 pts=938000000 history=46 job=2
[11:40:49.312] Temporal history reset: reason=cut frame#2982 pts=994000000 history=47 job=2
[11:40:49.686] RAW NGX EvaluateFeature_C SUCCESS #3000 color=1920x1080 depth=1920x1080 mv=1920x1080 output=1920x1080 jitter=(0,0) reset=0
[11:40:51.147] Temporal history reset: reason=cut frame#3150 pts=1050000000 history=48 job=2
[11:40:51.501] Temporal history reset: reason=cut frame#3182 pts=1060666666 history=49 job=2
[11:40:51.671] Neural export stage cost per frame (hevc_nvenc, 3111 frames): total 11.40 ms = source 0.08 + submit 5.89 + resolve wait 5.43 + encoder back pressure 0.01 ms, measured loop 11.25 ms. Of that: guides 1.88 ms, GPU waits render-slot 0.00 + capture-submit 0.00 + capture-resolve 5.42 + present-slot 0.00 = total 5.42 ms, Present 0.58 ms.
[11:40:51.671] Decoder frame queue: frames=3179 wallMs=35863.5 perFrameMs: pipeRead=3.413 blockedWait=0.142 emptyPoll=0.000 emptySleep=0.000 queueFullWait=7.725 other=0.002 reads=13524 polls=0 queueFullWaits=3158 zeroFills=6
[11:40:51.710] Neural helper post-job VRAM: job=2 localVramMiB=1061 featureArmed=1 idleVramPolicy=free
[11:40:51.710] Resident helper served job 2 (1 this process) as initialized: ok=0 cancelled=1 frames=0 peakVramMiB=0
[11:40:56.720] NGX feature released for idle with FreeMemOnReleaseFeature result=0x1
[11:40:56.720] Resident helper idle VRAM: policy=free beforeMiB=1061 localVramMiB=700 freedMiB=361 released=1 featureArmed=0 observed=freed
[11:41:00.492] Opening video. Decoder preference: FFmpeg -> Windows Media Foundation
[11:41:00.492] FFmpeg executable detected.
[11:41:00.525] ffprobe: 1920x1080 DAR=1.77778 @ 30 fps, duration=113, matrix=unspecified range=unspecified primaries=unspecified transfer=unspecified
[11:41:00.527] FFmpeg raw BGRA process started with CUDA decode + GPU scale.
[11:41:00.527] Video decoder selected: FFmpeg
[11:41:00.530] FFmpeg raw BGRA process started with CUDA decode + GPU scale.
[11:41:00.732] Seek timing: target=1.467s mode=restart teardownMs=0.015 spawnMs=2.743 firstByteMs=200.210 firstFrameMs=204.890 callMs=3.084 forwardFrames=44 drainedFrames=0
[11:41:00.787] RAW NGX D3D12 CreateFeature SUCCESS: feature=SuperSampling input=1920x1080 output=1920x1080 flags=MVLowRes|AutoExposure; direct hook-visible contract
[11:41:00.787] Temporal history reset: reason=first-frame frame#44 pts=14666666 history=1 job=4
[11:41:00.788] NGX feature creation flushed before EvaluateFeature; temporal history reset.
[11:41:00.789] [NGX feature 32765] [2026-09-15 11:41:00] [NVSDK_NGX_CreateFeature_Validate:710] error: required feature is not supported by NGX runtime, please update display driver
[11:41:00.932] RAW NGX EvaluateFeature_C SUCCESS #1 color=1920x1080 depth=1920x1080 mv=1920x1080 output=1920x1080 jitter=(0,0) reset=1
[11:41:01.153] Decoder frame queue: frames=5 wallMs=619.5 perFrameMs: pipeRead=5.915 blockedWait=39.277 emptyPoll=0.000 emptySleep=0.000 queueFullWait=78.708 other=0.003 reads=223 polls=0 queueFullWaits=1 zeroFills=5
[11:41:01.191] Opening video. Decoder preference: FFmpeg -> Windows Media Foundation
[11:41:01.191] FFmpeg executable detected.
[11:41:01.232] ffprobe: 1920x1080 DAR=1.77778 @ 30 fps, duration=113, matrix=unspecified range=unspecified primaries=unspecified transfer=unspecified
[11:41:01.236] FFmpeg raw BGRA process started with CUDA decode + GPU scale.
[11:41:01.236] Video decoder selected: FFmpeg
[11:41:01.415] Seek timing: target=0.000s mode=reuse teardownMs=0.000 spawnMs=0.000 firstByteMs=175.383 firstFrameMs=179.473 callMs=6.747 forwardFrames=0 drainedFrames=0
[11:41:01.419] Temporal history reset: reason=first-frame frame#0 pts=0 history=2 job=4
[11:41:01.542] Temporal history reset: reason=cut frame#15 pts=5000000 history=3 job=4
[11:41:01.720] Temporal history reset: reason=cut frame#35 pts=11666666 history=4 job=4
[11:41:02.000] Temporal history reset: reason=cut frame#62 pts=20666666 history=5 job=4
[11:41:02.240] Temporal history reset: reason=cut frame#85 pts=28333333 history=6 job=4
[11:41:02.404] Temporal history reset: reason=cut frame#102 pts=34000000 history=7 job=4
[11:41:03.776] Neural export stage cost per frame (hevc_nvenc, 170 frames): total 14.49 ms = source 1.13 + submit 8.10 + resolve wait 5.26 + encoder back pressure 0.01 ms, measured loop 11.09 ms. Of that: guides 2.30 ms, GPU waits render-slot 0.00 + capture-submit 0.00 + capture-resolve 5.36 + present-slot 0.00 = total 5.36 ms, Present 1.73 ms.
[11:41:03.776] Decoder frame queue: frames=222 wallMs=2531.7 perFrameMs: pipeRead=2.839 blockedWait=0.793 emptyPoll=0.000 emptySleep=0.000 queueFullWait=7.770 other=0.002 reads=882 polls=0 queueFullWaits=210 zeroFills=6
[11:41:03.811] Neural helper post-job VRAM: job=4 localVramMiB=1061 featureArmed=1 idleVramPolicy=free
[11:41:03.811] Resident helper served job 4 (2 this process) as feature-recreated: ok=0 cancelled=1 frames=0 peakVramMiB=0
[11:41:04.094] Resident helper session ended: shutdown
[11:41:04.105] Renderer teardown: buffers unmapped
[11:41:04.133] Renderer teardown: NGX released

