[11:37:23.318] Resident helper session starting with idleVramPolicy=keep
[11:37:23.319] Opening video. Decoder preference: FFmpeg -> Windows Media Foundation
[11:37:23.319] FFmpeg executable detected.
[11:37:23.365] ffprobe: 1920x1080 DAR=1.77778 @ 30 fps, duration=113, matrix=unspecified range=unspecified primaries=unspecified transfer=unspecified
[11:37:23.368] FFmpeg raw BGRA process started with CUDA decode + GPU scale.
[11:37:23.368] Video decoder selected: FFmpeg
[11:37:23.371] FFmpeg raw BGRA process started with CUDA decode + GPU scale.
[11:37:23.619] Seek timing: target=2.633s mode=restart teardownMs=0.015 spawnMs=3.019 firstByteMs=246.398 firstFrameMs=250.955 callMs=3.224 forwardFrames=79 drainedFrames=0
[11:37:23.735] D3D12 device adapter "NVIDIA GeForce RTX 4080 SUPER" luid=0x1463e vendor=0x10de vram=16047MiB is the high-performance adapter "NVIDIA GeForce RTX 4080 SUPER" luid=0x1463e that the cache identity, the receipt GPU label and the pace prior describe
[11:37:23.952] [NGX feature 32764] [2026-09-15 11:37:23] [NGXLoadLibrary:326] error: failed to load NGXCore: 126 (C:\Users\User\Documents\GitHub\dlss5-video-player\build-upscaling\Release\neural-runtime\_nvngx.dll)  <- routine: the NGX core ships with the driver, not beside this executable; the driver-store load is logged separately
[11:37:23.952] [NGX feature 32764] [2026-09-15 11:37:23] [NGXLoadLibrary:326] error: failed to load NGXCore: -2146885623 (C:\Users\User\Documents\GitHub\dlss5-video-player\build-upscaling\Release\neural-runtime\nvngx.dll)  <- routine: the NGX core ships with the driver, not beside this executable; the driver-store load is logged separately
[11:37:23.973] [NGX feature 32764] [2026-09-15 11:37:23] [NGXLoadCoreLibrary:279] Loading C:\WINDOWS\System32\DriverStore\FileRepository\nv_dispsi.inf_amd64_7cc7738d8e428783\_nvngx.dll succeeded
[11:37:24.170] [NGX feature 32765] [2026-09-15 11:37:24] [`anonymous-namespace'::SnippetLocationInfo::load:713] NGXLoadFromPath failed: -1160773628
[11:37:24.218] [NGX feature 32765] [2026-09-15 11:37:24] [`anonymous-namespace'::SnippetLocationInfo::load:713] NGXLoadFromPath failed: -1160773628
[11:37:24.218] [NGX feature 32765] [2026-09-15 11:37:24] [NGXSecureLoadFeature:1345] Feature dlss failed to load (cmsid 141959980) from cache (location: C:\ProgramData\NVIDIA\NGX\models\dlss\versions\0\files, name: 160_876232C.bin)
[11:37:24.221] [NGX feature 32765] [2026-09-15 11:37:24] [`anonymous-namespace'::SnippetLocationInfo::load:713] NGXLoadFromPath failed: -1160773628
[11:37:24.221] [NGX feature 32765] [2026-09-15 11:37:24] [NGXSecureLoadFeature:1345] Feature dlss failed to load (cmsid 241534723) from cache (location: C:\ProgramData\NVIDIA\NGX\models\dlss\versions\0\files, name: 160_E658703.bin)
[11:37:24.345] [NGX feature 32765] [2026-09-15 11:37:24] [`anonymous-namespace'::SnippetLocationInfo::load:713] NGXLoadFromPath failed: -1160773628
[11:37:24.346] [NGX feature 32765] [2026-09-15 11:37:24] [`anonymous-namespace'::SnippetLocationInfo::load:713] NGXLoadFromPath failed: -1160773628
[11:37:24.346] [NGX feature 32765] [2026-09-15 11:37:24] [`anonymous-namespace'::SnippetLocationInfo::load:713] NGXLoadFromPath failed: -1160773628
[11:37:24.346] [NGX feature 32765] [2026-09-15 11:37:24] [`anonymous-namespace'::SnippetLocationInfo::load:713] NGXLoadFromPath failed: -1160773628
[11:37:24.346] [NGX feature 32765] [2026-09-15 11:37:24] [`anonymous-namespace'::SnippetLocationInfo::load:713] NGXLoadFromPath failed: -1160773628
[11:37:24.346] [NGX feature 32765] [2026-09-15 11:37:24] [`anonymous-namespace'::SnippetLocationInfo::load:713] NGXLoadFromPath failed: -1160773628
[11:37:24.346] [NGX feature 32765] [2026-09-15 11:37:24] [`anonymous-namespace'::SnippetLocationInfo::load:713] NGXLoadFromPath failed: -1160773628
[11:37:24.346] [NGX feature 32765] [2026-09-15 11:37:24] [`anonymous-namespace'::SnippetLocationInfo::load:713] NGXLoadFromPath failed: -1160773628
[11:37:24.346] [NGX feature 32765] [2026-09-15 11:37:24] [`anonymous-namespace'::SnippetLocationInfo::load:713] NGXLoadFromPath failed: -1160773628
[11:37:24.346] [NGX feature 32765] [2026-09-15 11:37:24] [`anonymous-namespace'::SnippetLocationInfo::load:713] NGXLoadFromPath failed: -1160773628
[11:37:24.347] [NGX feature 32765] [2026-09-15 11:37:24] [`anonymous-namespace'::SnippetLocationInfo::load:713] NGXLoadFromPath failed: -1160773628
[11:37:24.347] [NGX feature 32765] [2026-09-15 11:37:24] [`anonymous-namespace'::SnippetLocationInfo::load:713] NGXLoadFromPath failed: -1160773628
[11:37:24.347] [NGX feature 32765] [2026-09-15 11:37:24] [`anonymous-namespace'::SnippetLocationInfo::load:713] NGXLoadFromPath failed: -1160773628
[11:37:24.347] [NGX feature 32765] [2026-09-15 11:37:24] [`anonymous-namespace'::SnippetLocationInfo::load:713] NGXLoadFromPath failed: -1160773628
[11:37:24.347] [NGX feature 32765] [2026-09-15 11:37:24] [`anonymous-namespace'::SnippetLocationInfo::load:713] NGXLoadFromPath failed: -1160773628
[11:37:24.347] [NGX feature 32765] [2026-09-15 11:37:24] [`anonymous-namespace'::SnippetLocationInfo::load:713] NGXLoadFromPath failed: -1160773628
[11:37:24.347] [NGX feature 32765] [2026-09-15 11:37:24] [`anonymous-namespace'::SnippetLocationInfo::load:713] NGXLoadFromPath failed: -1160773628
[11:37:24.576] NGX capability: SuperSampling.Available=1
[11:37:24.576] NGX input policy: source=1920x1080 optimal=1920x1080 range=1901x1069..1920x1080 selected=1920x1080 output=1920x1080
[11:37:24.576] NGX initialized. Deferred raw CreateFeature armed: input=1920x1080 output=1920x1080
[11:37:24.644] NVOFA ready: 1920x1080 on a 2x2 grid (960x540 vectors, S10.5 = 1/32 px), perf=FAST, cost=on, direction=both, backward field bound for the round-trip gate, global flow=on.
[11:37:24.644] Motion guide backend: NVOFA hardware flow on the decoded 1920x1080 frame, vectors scaled by 1,1 into the 1920x1080 DLSS input.
[11:37:24.654] DLSS resource contract ready: Color=R16G16B16A16_FLOAT 1920x1080, MV=R16G16_FLOAT 1920x1080, Depth=R32_TYPELESS resource / D32_FLOAT DSV / R32_FLOAT SRV 1920x1080, Output=R16G16B16A16_FLOAT UAV 1920x1080, CompactGrid=R32G32B32A32_FLOAT 160x90 -> GPU MV expansion + direct SV_Depth write, Reference=B8G8R8A8_UNORM 1920x1080, Source=BGRA upload, NeuralTimestamps=12 @1000000000Hz
[11:37:24.654] V11 guide contract: compact CPU optical-flow grid expanded on GPU into full R16G16_FLOAT MVs; depth is written directly into the same R32_TYPELESS/D32_FLOAT resource passed to NGX; temporal reset only on discontinuities.
[11:37:24.659] Temporal history reset: reason=first-frame frame#79 pts=26333333 history=1 job=2
[11:37:24.710] RAW NGX D3D12 CreateFeature SUCCESS: feature=SuperSampling input=1920x1080 output=1920x1080 flags=MVLowRes|AutoExposure; direct hook-visible contract
[11:37:24.710] Temporal history reset: reason=feature-recreate frame#80 pts=26666666 history=1 job=2
[11:37:24.710] NGX feature creation flushed before EvaluateFeature; temporal history reset.
[11:37:24.908] [NGX feature 32765] [2026-09-15 11:37:24] [NVSDK_NGX_CreateFeature_Validate:710] error: required feature is not supported by NGX runtime, please update display driver
[11:37:25.086] RAW NGX EvaluateFeature_C SUCCESS #1 color=1920x1080 depth=1920x1080 mv=1920x1080 output=1920x1080 jitter=(0,0) reset=1
[11:37:25.335] Decoder frame queue: frames=6 wallMs=1963.7 perFrameMs: pipeRead=3.311 blockedWait=40.624 emptyPoll=0.000 emptySleep=0.000 queueFullWait=283.339 other=0.002 reads=158 polls=0 queueFullWaits=3 zeroFills=5
[11:37:25.370] Opening video. Decoder preference: FFmpeg -> Windows Media Foundation
[11:37:25.370] FFmpeg executable detected.
[11:37:25.404] ffprobe: 1920x1080 DAR=1.77778 @ 30 fps, duration=113, matrix=unspecified range=unspecified primaries=unspecified transfer=unspecified
[11:37:25.404] FFmpeg raw BGRA process started with CUDA decode + GPU scale.
[11:37:25.404] Video decoder selected: FFmpeg
[11:37:25.408] FFmpeg raw BGRA process started with CUDA decode + GPU scale.
[11:37:25.601] Seek timing: target=0.633s mode=restart teardownMs=0.016 spawnMs=3.198 firstByteMs=193.295 firstFrameMs=196.576 callMs=3.558 forwardFrames=19 drainedFrames=0
[11:37:25.602] Temporal history reset: reason=first-frame frame#19 pts=6333333 history=2 job=2
[11:37:25.735] Temporal history reset: reason=cut frame#35 pts=11666666 history=3 job=2
[11:37:25.982] Temporal history reset: reason=cut frame#62 pts=20666666 history=4 job=2
[11:37:26.429] Temporal history reset: reason=cut frame#85 pts=28333333 history=5 job=2
[11:37:26.620] Temporal history reset: reason=cut frame#102 pts=33999999 history=6 job=2
[11:37:28.443] Temporal history reset: reason=cut frame#270 pts=89999999 history=7 job=2
[11:37:28.955] RAW NGX EvaluateFeature_C SUCCESS #300 color=1920x1080 depth=1920x1080 mv=1920x1080 output=1920x1080 jitter=(0,0) reset=0
[11:37:30.279] Temporal history reset: reason=cut frame#438 pts=145999999 history=8 job=2
[11:37:30.628] Temporal history reset: reason=cut frame#470 pts=156666666 history=9 job=2
[11:37:31.027] Temporal history reset: reason=cut frame#506 pts=168666666 history=10 job=2
[11:37:31.898] Temporal history reset: reason=cut frame#582 pts=193999999 history=11 job=2
[11:37:32.274] RAW NGX EvaluateFeature_C SUCCESS #600 color=1920x1080 depth=1920x1080 mv=1920x1080 output=1920x1080 jitter=(0,0) reset=0
[11:37:33.098] Temporal history reset: reason=cut frame#693 pts=230999999 history=12 job=2
[11:37:33.312] Temporal history reset: reason=cut frame#713 pts=237666666 history=13 job=2
[11:37:33.607] Temporal history reset: reason=cut frame#740 pts=246666666 history=14 job=2
[11:37:33.857] Temporal history reset: reason=cut frame#763 pts=254333333 history=15 job=2
[11:37:34.038] Temporal history reset: reason=cut frame#780 pts=259999999 history=16 job=2
[11:37:35.486] RAW NGX EvaluateFeature_C SUCCESS #900 color=1920x1080 depth=1920x1080 mv=1920x1080 output=1920x1080 jitter=(0,0) reset=0
[11:37:35.833] Temporal history reset: reason=cut frame#948 pts=315999999 history=17 job=2
[11:37:37.618] Temporal history reset: reason=cut frame#1116 pts=371999999 history=18 job=2
[11:37:37.979] Temporal history reset: reason=cut frame#1148 pts=382666666 history=19 job=2
[11:37:38.356] Temporal history reset: reason=cut frame#1184 pts=394666666 history=20 job=2
[11:37:38.709] RAW NGX EvaluateFeature_C SUCCESS #1200 color=1920x1080 depth=1920x1080 mv=1920x1080 output=1920x1080 jitter=(0,0) reset=0
[11:37:39.179] Temporal history reset: reason=cut frame#1260 pts=419999999 history=21 job=2
[11:37:40.376] Temporal history reset: reason=cut frame#1371 pts=456999999 history=22 job=2
[11:37:40.593] Temporal history reset: reason=cut frame#1391 pts=463666666 history=23 job=2
[11:37:40.867] Temporal history reset: reason=cut frame#1418 pts=472666666 history=24 job=2
[11:37:41.125] Temporal history reset: reason=cut frame#1441 pts=480333333 history=25 job=2
[11:37:41.298] Temporal history reset: reason=cut frame#1458 pts=485999999 history=26 job=2
[11:37:41.941] RAW NGX EvaluateFeature_C SUCCESS #1500 color=1920x1080 depth=1920x1080 mv=1920x1080 output=1920x1080 jitter=(0,0) reset=0
[11:37:43.087] Temporal history reset: reason=cut frame#1626 pts=541999999 history=27 job=2
[11:37:44.893] Temporal history reset: reason=cut frame#1794 pts=597999999 history=28 job=2
[11:37:45.136] RAW NGX EvaluateFeature_C SUCCESS #1800 color=1920x1080 depth=1920x1080 mv=1920x1080 output=1920x1080 jitter=(0,0) reset=0
[11:37:45.232] Temporal history reset: reason=cut frame#1826 pts=608666666 history=29 job=2
[11:37:45.630] Temporal history reset: reason=cut frame#1862 pts=620666666 history=30 job=2
[11:37:46.442] Temporal history reset: reason=cut frame#1938 pts=645999999 history=31 job=2
[11:37:47.650] Temporal history reset: reason=cut frame#2049 pts=682999999 history=32 job=2
[11:37:47.866] Temporal history reset: reason=cut frame#2069 pts=689666666 history=33 job=2
[11:37:48.152] Temporal history reset: reason=cut frame#2096 pts=698666666 history=34 job=2
[11:37:48.366] RAW NGX EvaluateFeature_C SUCCESS #2100 color=1920x1080 depth=1920x1080 mv=1920x1080 output=1920x1080 jitter=(0,0) reset=0
[11:37:48.387] Temporal history reset: reason=cut frame#2119 pts=706333333 history=35 job=2
[11:37:48.555] Temporal history reset: reason=cut frame#2136 pts=711999999 history=36 job=2
[11:37:50.347] Temporal history reset: reason=cut frame#2304 pts=767999999 history=37 job=2
[11:37:51.550] RAW NGX EvaluateFeature_C SUCCESS #2400 color=1920x1080 depth=1920x1080 mv=1920x1080 output=1920x1080 jitter=(0,0) reset=0
[11:37:52.137] Temporal history reset: reason=cut frame#2472 pts=823999999 history=38 job=2
[11:37:52.480] Temporal history reset: reason=cut frame#2504 pts=834666666 history=39 job=2
[11:37:52.872] Temporal history reset: reason=cut frame#2540 pts=846666666 history=40 job=2
[11:37:53.709] Temporal history reset: reason=cut frame#2616 pts=871999999 history=41 job=2
[11:37:54.780] RAW NGX EvaluateFeature_C SUCCESS #2700 color=1920x1080 depth=1920x1080 mv=1920x1080 output=1920x1080 jitter=(0,0) reset=0
[11:37:54.882] Temporal history reset: reason=cut frame#2727 pts=908999999 history=42 job=2
[11:37:55.101] Temporal history reset: reason=cut frame#2747 pts=915666666 history=43 job=2
[11:37:55.386] Temporal history reset: reason=cut frame#2774 pts=924666666 history=44 job=2
[11:37:55.634] Temporal history reset: reason=cut frame#2797 pts=932333333 history=45 job=2
[11:37:55.830] Temporal history reset: reason=cut frame#2814 pts=937999999 history=46 job=2
[11:37:57.606] Temporal history reset: reason=cut frame#2982 pts=993999999 history=47 job=2
[11:37:58.047] RAW NGX EvaluateFeature_C SUCCESS #3000 color=1920x1080 depth=1920x1080 mv=1920x1080 output=1920x1080 jitter=(0,0) reset=0
[11:37:59.471] Temporal history reset: reason=cut frame#3150 pts=1049999999 history=48 job=2
[11:37:59.860] Temporal history reset: reason=cut frame#3182 pts=1060666666 history=49 job=2
[11:38:00.262] Temporal history reset: reason=cut frame#3218 pts=1072666666 history=50 job=2
[11:38:01.121] Temporal history reset: reason=cut frame#3294 pts=1097999999 history=51 job=2
[11:38:01.239] Neural export stage cost per frame (hevc_nvenc, 3217 frames): total 11.01 ms = source 0.08 + submit 6.03 + resolve wait 4.90 + encoder back pressure 0.01 ms, measured loop 10.87 ms. Of that: guides 1.96 ms, GPU waits render-slot 0.00 + capture-submit 0.00 + capture-resolve 4.89 + present-slot 0.00 = total 4.89 ms, Present 0.57 ms.
[11:38:01.239] Decoder frame queue: frames=3285 wallMs=35830.5 perFrameMs: pipeRead=3.386 blockedWait=0.099 emptyPoll=0.000 emptySleep=0.000 queueFullWait=7.420 other=0.002 reads=9900 polls=0 queueFullWaits=3269 zeroFills=6
[11:38:01.424] Neural helper post-job VRAM: job=2 localVramMiB=1061 featureArmed=1 idleVramPolicy=keep
[11:38:01.424] Resident helper served job 2 (1 this process) as initialized: ok=0 cancelled=1 frames=0 peakVramMiB=0
[11:38:06.427] Resident helper idle VRAM: policy=keep localVramMiB=1061 featureArmed=1
[11:38:10.301] Opening video. Decoder preference: FFmpeg -> Windows Media Foundation
[11:38:10.301] FFmpeg executable detected.
[11:38:10.343] ffprobe: 1920x1080 DAR=1.77778 @ 30 fps, duration=113, matrix=unspecified range=unspecified primaries=unspecified transfer=unspecified
[11:38:10.343] FFmpeg raw BGRA process started with CUDA decode + GPU scale.
[11:38:10.343] Video decoder selected: FFmpeg
[11:38:10.346] FFmpeg raw BGRA process started with CUDA decode + GPU scale.
[11:38:10.346] Opening video. Decoder preference: FFmpeg -> Windows Media Foundation
[11:38:10.346] FFmpeg executable detected.
[11:38:10.388] ffprobe: 1920x1080 DAR=1.77778 @ 30 fps, duration=113, matrix=unspecified range=unspecified primaries=unspecified transfer=unspecified
[11:38:10.390] FFmpeg raw BGRA process started with CUDA decode + GPU scale.
[11:38:10.390] Video decoder selected: FFmpeg
[11:38:10.576] Seek timing: target=0.000s mode=reuse teardownMs=0.000 spawnMs=0.000 firstByteMs=181.291 firstFrameMs=185.834 callMs=0.416 forwardFrames=0 drainedFrames=0
[11:38:10.579] Temporal history reset: reason=first-frame frame#0 pts=0 history=1 job=4
[11:38:10.704] Temporal history reset: reason=cut frame#15 pts=5000000 history=2 job=4
[11:38:10.735] RAW NGX EvaluateFeature_C SUCCESS #3300 color=1920x1080 depth=1920x1080 mv=1920x1080 output=1920x1080 jitter=(0,0) reset=0
[11:38:10.894] Temporal history reset: reason=cut frame#35 pts=11666666 history=3 job=4
[11:38:11.183] Temporal history reset: reason=cut frame#62 pts=20666666 history=4 job=4
[11:38:11.422] Temporal history reset: reason=cut frame#85 pts=28333333 history=5 job=4
[11:38:11.589] Temporal history reset: reason=cut frame#102 pts=34000000 history=6 job=4
[11:38:13.030] Neural export stage cost per frame (hevc_nvenc, 178 frames): total 14.40 ms = source 1.09 + submit 8.00 + resolve wait 5.30 + encoder back pressure 0.00 ms, measured loop 10.97 ms. Of that: guides 2.16 ms, GPU waits render-slot 0.00 + capture-submit 0.00 + capture-resolve 5.43 + present-slot 0.00 = total 5.44 ms, Present 1.64 ms.
[11:38:13.030] Decoder frame queue: frames=230 wallMs=2639.3 perFrameMs: pipeRead=2.954 blockedWait=0.829 emptyPoll=0.000 emptySleep=0.000 queueFullWait=7.690 other=0.002 reads=1130 polls=0 queueFullWaits=218 zeroFills=6
[11:38:13.063] Neural helper post-job VRAM: job=4 localVramMiB=1061 featureArmed=1 idleVramPolicy=keep
[11:38:13.063] Resident helper served job 4 (2 this process) as reuse: ok=0 cancelled=1 frames=0 peakVramMiB=0
[11:38:13.343] Resident helper session ended: shutdown
[11:38:13.353] Renderer teardown: buffers unmapped
[11:38:13.379] Renderer teardown: NGX released

